// Jest Snapshot v1, https://goo.gl/fbAQLP

exports[`expect to render CartComponent 1`] = `ShallowWrapper {}`;
