// Jest Snapshot v1, https://goo.gl/fbAQLP

exports[`expects to render CartItem 1`] = `ShallowWrapper {}`;
